Initial slack:	108.021790 ps
Initial leakage:	0.014244 W
Final Sum/Max/Number of max capacitance violations: 0 / 0 / 0
Final Sum/Max/Number of max transition violations: 0 / 0 / 0
======================================
- cell FE_PSC7_rst is swapped to in01m03
- cell FE_PSC7_rst is swapped to in01s03
- cell FE_PSC7_rst is swapped to in01s02
- cell U279 is swapped to in01s01
- cell U280 is swapped to in01s06
- cell U280 is swapped to in01s04
- cell U281 is swapped to in01s10
- cell U283 is swapped to in01s08
- cell U285 is swapped to na02s02
- cell U286 is swapped to in01s03
- cell U286 is swapped to in01s02
- cell U288 is swapped to na02s20
- cell U290 is swapped to in01s20
- cell U290 is swapped to in01s10
- cell U291 is swapped to in01s01
- cell U292 is swapped to in01s01
- cell U293 is swapped to skip
- cell U294 is swapped to in01s01
- cell U295 is swapped to in01s04
- cell U296 is swapped to na02s10
- cell U297 is swapped to na02s02
- cell U298 is swapped to in01s10
- cell U299 is swapped to in01s08
- cell U300 is swapped to in01s04
- cell U306 is swapped to in01s06
- cell U309 is swapped to no02s03
- cell U310 is swapped to skip
- cell U312 is swapped to in01s20
- cell U312 is swapped to in01s10
- cell U320 is swapped to in01s01
- cell U321 is swapped to skip
- cell U323 is swapped to na02s02
- cell U331 is swapped to na02s08
- cell U333 is swapped to in01s08
- cell U334 is swapped to skip
- cell U339 is swapped to oa12s01
- cell U340 is swapped to skip
- cell U343 is swapped to in01s01
- cell U350 is swapped to skip
- cell U353 is swapped to in01m08
- cell U353 is swapped to in01s08
- cell U353 is swapped to in01s06
- cell U354 is swapped to na02s02
- cell U358 is swapped to in01m10
- cell U358 is swapped to in01s10
- cell U358 is swapped to in01s08
- cell U368 is swapped to na02m08
- cell U368 is swapped to na02s08
- cell U368 is swapped to na02s06
- cell U371 is swapped to in01s10
- cell U372 is swapped to na02s02
- cell U373 is swapped to in01s06
- cell U375 is swapped to na02m02
- cell U375 is swapped to na02s02
- cell U376 is swapped to in01s03
- cell U380 is swapped to in01m06
- cell U380 is swapped to in01s06
- cell U380 is swapped to in01s04
- cell U382 is swapped to na02s02
- cell U385 is swapped to na02s02
- cell U391 is swapped to in01s20
- cell U392 is swapped to in01s10
- cell U397 is swapped to na02m04
- cell U397 is swapped to na02s04
- cell U397 is swapped to na02s03
- cell U399 is swapped to in01s03
- cell U401 is swapped to in01s03
- cell U407 is swapped to in01s03
- cell U408 is swapped to no02s02
- cell U419 is swapped to no02s06
- cell U420 is swapped to in01s03
- cell U421 is swapped to in01s04
- cell U425 is swapped to in01s03
- cell U426 is swapped to in01s03
- cell U427 is swapped to in01s03
- cell U430 is swapped to in01s02
- cell U431 is swapped to in01s20
- cell U431 is swapped to in01s10
- cell U436 is swapped to in01s03
- cell U439 is swapped to oa12s03
- cell U441 is swapped to in01s03
- cell U446 is swapped to in01s03
- cell U450 is swapped to in01s03
- cell U460 is swapped to in01s03
- cell U463 is swapped to in01s03
- cell U481 is swapped to no02s02
- cell U486 is swapped to na02s02
- cell U491 is swapped to in01s03
- cell U492 is swapped to in01s03
- cell U494 is swapped to in01s03
- cell U546 is swapped to skip
- cell U547 is swapped to skip
- cell U548 is swapped to skip
- cell U549 is swapped to in01m10
- cell U549 is swapped to in01s10
- cell U549 is swapped to in01s08
- cell U551 is swapped to na02m08
- cell U551 is swapped to na02s08
- cell U551 is swapped to na02s06
- cell U555 is swapped to no03m10
- cell U555 is swapped to no03s10
- cell U555 is swapped to no03s08
- cell U561 is swapped to in01m10
- cell U561 is swapped to in01s10
- cell U561 is swapped to in01s08
- cell U592 is swapped to na02m02
- cell U592 is swapped to na02s02
- cell U592 is swapped to na02s01
- cell U593 is swapped to na03m02
- cell U593 is swapped to na03s02
- cell U593 is swapped to na03s01
- cell U607 is swapped to no02m02
- cell U607 is swapped to no02s02
- cell U607 is swapped to no02s01
- cell U621 is swapped to in01m01
- cell U621 is swapped to in01s01
- cell U621 is swapped to skip
- cell U624 is swapped to in01m01
- cell U624 is swapped to in01s01
- cell U624 is swapped to skip
- cell U625 is swapped to na02m01
- cell U625 is swapped to na02s01
- cell U625 is swapped to skip
- cell U627 is swapped to in01m01
- cell U627 is swapped to in01s01
- cell U627 is swapped to skip
- cell U629 is swapped to in01m01
- cell U629 is swapped to in01s01
- cell U629 is swapped to skip
- cell U631 is swapped to in01m01
- cell U631 is swapped to in01s01
- cell U631 is swapped to skip
- cell U633 is swapped to in01m01
- cell U633 is swapped to in01s01
- cell U633 is swapped to skip
- cell FE_PSC6_rst is swapped to in01m08
- cell FE_PSC6_rst is swapped to in01s08
- cell FE_PSC6_rst is swapped to in01s06
- cell FE_OFCC2_n467 is swapped to in01m08
- cell FE_OFCC2_n467 is swapped to in01s08
- cell FE_OFCC2_n467 is swapped to in01s06
- cell FE_OFCC0_n266 is swapped to in01m02
- cell FE_OFCC0_n266 is swapped to in01s02
- cell FE_OFCC0_n266 is swapped to in01s01
- cell U284 is swapped to skip
- cell U287 is swapped to no03s03
- cell U301 is swapped to in01s08
- cell U305 is swapped to no02s01
- cell U308 is swapped to in01s01
- cell U315 is swapped to no02s10
- cell U315 is swapped to no02s08
- cell U326 is swapped to skip
- cell U328 is swapped to no03s02
- cell U328 is swapped to no03s01
- cell U332 is swapped to na02s01
- cell U341 is swapped to no03s03
- cell U344 is swapped to na02s01
- cell U345 is swapped to na02s06
- cell U351 is swapped to na02m04
- cell U351 is swapped to na02s04
- cell U351 is swapped to na02s03
- cell U355 is swapped to na02m02
- cell U355 is swapped to na02s02
- cell U355 is swapped to na02s01
- cell U356 is swapped to na02s02
- cell U357 is swapped to in01m02
- cell U357 is swapped to in01s02
- cell U357 is swapped to in01s01
- cell U361 is swapped to na02s02
- cell U363 is swapped to na02m10
- cell U363 is swapped to na02s10
- cell U363 is swapped to na02s08
- cell U366 is swapped to no02s06
- cell U367 is swapped to no03s10
- cell U374 is swapped to oa12s08
- cell U377 is swapped to skip
- cell U379 is swapped to no02s04
- cell U379 is swapped to no02s03
- cell U381 is swapped to no02s08
- cell U384 is swapped to oa12s08
- cell U386 is swapped to in01s01
- cell U387 is swapped to no02s08
- cell U390 is swapped to na02s02
- cell U395 is swapped to no03m02
- cell U395 is swapped to no03s02
- cell U395 is swapped to no03s01
- cell U396 is swapped to na02s02
- cell U400 is swapped to ao12s03
- cell U402 is swapped to oa22s03
- cell U405 is swapped to no02s03
- cell U406 is swapped to skip
- cell U409 is swapped to na02s02
- cell U410 is swapped to ao12s06
- cell U413 is swapped to na02s02
- cell U415 is swapped to na02s02
- cell U417 is swapped to no04s08
- cell U417 is swapped to no04s06
- cell U423 is swapped to no03s08
- cell U424 is swapped to ao12s03
- cell U428 is swapped to na02s02
- cell U429 is swapped to no02s02
- cell U435 is swapped to ao12s03
- cell U438 is swapped to oa12s03
- cell U445 is swapped to ao12s03
- cell U445 is swapped to ao12s02
- cell U470 is swapped to no03s04
- cell U476 is swapped to no02s02
- cell U478 is swapped to oa22s03
- cell U479 is swapped to ao12s04
- cell U479 is swapped to ao12s03
- cell U482 is swapped to oa22s03
- cell U485 is swapped to in01s03
- cell U489 is swapped to in01s03
- cell U490 is swapped to oa12s03
- cell U498 is swapped to na02s02
- cell U501 is swapped to no03s03
- cell U501 is swapped to no03s02
- cell U505 is swapped to na03m04
- cell U505 is swapped to na03s04
- cell U505 is swapped to na03s03
- cell U506 is swapped to oa12m06
- cell U506 is swapped to oa12s06
- cell U506 is swapped to oa12s04
- cell U513 is swapped to no02s01
- cell U524 is swapped to skip
- cell U525 is swapped to skip
- cell U527 is swapped to na02s01
- cell U544 is swapped to skip
- cell U550 is swapped to ao12m02
- cell U550 is swapped to ao12s02
- cell U550 is swapped to ao12s01
- cell U557 is swapped to ao12m02
- cell U557 is swapped to ao12s02
- cell U557 is swapped to ao12s01
- cell U568 is swapped to oa12m02
- cell U568 is swapped to oa12s02
- cell U568 is swapped to oa12s01
- cell U579 is swapped to no03m02
- cell U579 is swapped to no03s02
- cell U579 is swapped to no03s01
- cell U596 is swapped to na03m02
- cell U596 is swapped to na03s02
- cell U596 is swapped to na03s01
- cell U603 is swapped to no02m02
- cell U603 is swapped to no02s02
- cell U603 is swapped to no02s01
- cell U613 is swapped to ao12m01
- cell U613 is swapped to ao12s01
- cell U613 is swapped to skip
- cell U617 is swapped to oa22m01
- cell U617 is swapped to oa22s01
- cell U617 is swapped to skip
- cell FE_OFCC3_n467 is swapped to in01m10
- cell FE_OFCC3_n467 is swapped to in01s10
- cell FE_OFCC3_n467 is swapped to in01s08
- cell FE_OFCC1_n266 is swapped to in01m04
- cell FE_OFCC1_n266 is swapped to in01s04
- cell FE_OFCC1_n266 is swapped to in01s03
- cell U282 is swapped to na02s20
- cell U282 is swapped to na02s10
- cell U289 is swapped to skip
- cell U304 is swapped to in01s01
- cell U307 is swapped to no04s01
- cell U314 is swapped to skip
- cell U316 is swapped to in01s03
- cell U316 is swapped to in01s02
- cell U318 is swapped to no03s04
- cell U325 is swapped to skip
- cell U329 is swapped to skip
- cell U346 is swapped to no04s03
- cell U348 is swapped to no02s03
- cell U349 is swapped to na02s04
- cell U349 is swapped to na02s03
- cell U383 is swapped to no03s02
- cell U388 is swapped to no02s02
- cell U398 is swapped to no02s04
- cell U398 is swapped to no02s03
- cell U404 is swapped to in01s03
- cell U412 is swapped to no03s03
- cell U412 is swapped to no03s02
- cell U416 is swapped to no02s02
- cell U422 is swapped to ao12s03
- cell U433 is swapped to no02s02
- cell U433 is swapped to no02s01
- cell U437 is swapped to na02s02
- cell U437 is swapped to na02s01
- cell U444 is swapped to oa22s03
- cell U447 is swapped to no03s02
- cell U447 is swapped to no03s01
- cell U448 is swapped to na04s03
- cell U448 is swapped to na04s02
- cell U455 is swapped to oa12s03
- cell U458 is swapped to in01s01
- cell U465 is swapped to no02s02
- cell U465 is swapped to no02s01
- cell U480 is swapped to no02s02
- cell U480 is swapped to no02s01
- cell U484 is swapped to no02s02
- cell U488 is swapped to no02s02
- cell U497 is swapped to na03s02
- cell U497 is swapped to na03s01
- cell U500 is swapped to na02s02
- cell U504 is swapped to na02m04
- cell U504 is swapped to na02s04
- cell U504 is swapped to na02s03
- cell U512 is swapped to na02s01
- cell U521 is swapped to no02s02
- cell U521 is swapped to no02s01
- cell U522 is swapped to in01s01
- cell U522 is swapped to skip
- cell U538 is swapped to in01s01
- cell U539 is swapped to oa22s02
- cell U539 is swapped to oa22s01
- cell U540 is swapped to skip
- cell U541 is swapped to ao12s02
- cell U541 is swapped to ao12s01
- cell U542 is swapped to na02s02
- cell U542 is swapped to na02s01
- cell U554 is swapped to ao12m02
- cell U554 is swapped to ao12s02
- cell U554 is swapped to ao12s01
- cell U556 is swapped to oa12m02
- cell U556 is swapped to oa12s02
- cell U556 is swapped to oa12s01
- cell U559 is swapped to na02m02
- cell U559 is swapped to na02s02
- cell U559 is swapped to na02s01
- cell U563 is swapped to oa22m02
- cell U563 is swapped to oa22s02
- cell U563 is swapped to oa22s01
- cell U566 is swapped to no02m04
- cell U566 is swapped to no02s04
- cell U566 is swapped to no02s03
- cell U569 is swapped to oa22m02
- cell U569 is swapped to oa22s02
- cell U569 is swapped to oa22s01
- cell U571 is swapped to no03m02
- cell U571 is swapped to no03s02
- cell U571 is swapped to no03s01
- cell U572 is swapped to oa12m02
- cell U572 is swapped to oa12s02
- cell U572 is swapped to oa12s01
- cell U573 is swapped to oa22m02
- cell U573 is swapped to oa22s02
- cell U573 is swapped to oa22s01
- cell U578 is swapped to ao12m02
- cell U578 is swapped to ao12s02
- cell U578 is swapped to ao12s01
- cell U580 is swapped to na02m02
- cell U580 is swapped to na02s02
- cell U580 is swapped to na02s01
- cell U582 is swapped to oa12m02
- cell U582 is swapped to oa12s02
- cell U582 is swapped to oa12s01
- cell U606 is swapped to no03m02
- cell U606 is swapped to no03s02
- cell U606 is swapped to no03s01
- cell U612 is swapped to na02m01
- cell U612 is swapped to na02s01
- cell U612 is swapped to skip
- cell U303 is swapped to no02s01
- cell U319 is swapped to no02m01
- cell U319 is swapped to no02s01
- cell U319 is swapped to skip
- cell U324 is swapped to oa22s01
- cell U327 is swapped to oa22s01
- cell U327 is swapped to skip
- cell U330 is swapped to na03s03
- cell U335 is swapped to ao12s01
- cell U338 is swapped to na02s01
- cell U347 is swapped to ao12s01
- cell U365 is swapped to no02m04
- cell U365 is swapped to no02s04
- cell U365 is swapped to no02s03
- cell U370 is swapped to in01s04
- cell U378 is swapped to no03s04
- cell U378 is swapped to no03s03
- cell U389 is swapped to no03s04
- cell U389 is swapped to no03s03
- cell U393 is swapped to no04s03
- cell U393 is swapped to no04s02
- cell U394 is swapped to skip
- cell U411 is swapped to no02s02
- cell U414 is swapped to no03s03
- cell U414 is swapped to no03s02
- cell U418 is swapped to no02s06
- cell U443 is swapped to na02s02
- cell U461 is swapped to na02s02
- cell U464 is swapped to in01s01
- cell U467 is swapped to no02m01
- cell U467 is swapped to no02s01
- cell U467 is swapped to skip
- cell U475 is swapped to ao12s02
- cell U475 is swapped to ao12s01
- cell U483 is swapped to in01s03
- cell U487 is swapped to in01s03
- cell U493 is swapped to no02s02
- cell U496 is swapped to na03s03
- cell U496 is swapped to na03s02
- cell U502 is swapped to oa12s03
- cell U507 is swapped to na02m02
- cell U507 is swapped to na02s02
- cell U507 is swapped to na02s01
- cell U508 is swapped to na02m02
- cell U508 is swapped to na02s02
- cell U508 is swapped to na02s01
- cell U509 is swapped to na02m02
- cell U509 is swapped to na02s02
- cell U509 is swapped to na02s01
- cell U510 is swapped to na02m02
- cell U510 is swapped to na02s02
- cell U510 is swapped to na02s01
- cell U511 is swapped to na02m02
- cell U511 is swapped to na02s02
- cell U511 is swapped to na02s01
- cell U516 is swapped to no02s02
- cell U516 is swapped to no02s01
- cell U517 is swapped to in01s01
- cell U517 is swapped to skip
- cell U518 is swapped to na03s02
- cell U518 is swapped to na03s01
- cell U519 is swapped to no03s02
- cell U519 is swapped to no03s01
- cell U531 is swapped to no02s02
- cell U531 is swapped to no02s01
- cell U532 is swapped to na02s02
- cell U532 is swapped to na02s01
- cell U533 is swapped to na02s02
- cell U533 is swapped to na02s01
- cell U535 is swapped to no03s02
- cell U535 is swapped to no03s01
- cell U536 is swapped to skip
- cell U545 is swapped to no02s03
- cell U552 is swapped to no02m06
- cell U552 is swapped to no02s06
- cell U552 is swapped to no02s04
- cell U553 is swapped to ao12m02
- cell U553 is swapped to ao12s02
- cell U558 is swapped to oa12m02
- cell U558 is swapped to oa12s02
- cell U558 is swapped to oa12s01
- cell U560 is swapped to ao12m02
- cell U560 is swapped to ao12s02
- cell U560 is swapped to ao12s01
- cell U562 is swapped to na02m02
- cell U562 is swapped to na02s02
- cell U562 is swapped to na02s01
- cell U567 is swapped to na03m02
- cell U567 is swapped to na03s02
- cell U567 is swapped to na03s01
- cell U574 is swapped to oa12m02
- cell U574 is swapped to oa12s02
- cell U574 is swapped to oa12s01
- cell U581 is swapped to oa12m02
- cell U581 is swapped to oa12s02
- cell U581 is swapped to oa12s01
- cell U585 is swapped to oa22m02
- cell U585 is swapped to oa22s02
- cell U588 is swapped to no04m02
- cell U588 is swapped to no04s02
- cell U598 is swapped to no03m02
- cell U598 is swapped to no03s02
- cell U634 is swapped to no02m01
- cell U634 is swapped to no02s01
- cell U634 is swapped to skip
- cell FE_PSC9_n243 is swapped to in01m03
- cell FE_PSC9_n243 is swapped to in01s03
- cell FE_PSC9_n243 is swapped to in01s02
- cell U302 is swapped to no03s03
- cell U302 is swapped to no03s02
- cell U317 is swapped to no03s02
- cell U336 is swapped to skip
- cell U352 is swapped to in01m01
- cell U352 is swapped to in01s01
- cell U352 is swapped to skip
- cell U359 is swapped to na03m03
- cell U359 is swapped to na03s03
- cell U359 is swapped to na03s02
- cell U362 is swapped to no02m02
- cell U362 is swapped to no02s02
- cell U362 is swapped to no02s01
- cell U369 is swapped to na02s02
- cell U403 is swapped to ao22s02
- cell U403 is swapped to ao22s01
- cell U432 is swapped to oa12s03
- cell U453 is swapped to na03s03
- cell U453 is swapped to na03s02
- cell U454 is swapped to na03s03
- cell U454 is swapped to na03s02
- cell U457 is swapped to no02s02
- cell U469 is swapped to oa12s03
- cell U472 is swapped to in01s02
- cell U477 is swapped to na02m01
- cell U477 is swapped to na02s01
- cell U477 is swapped to skip
- cell U495 is swapped to na02m01
- cell U495 is swapped to skip
- cell U499 is swapped to oa12s02
- cell U499 is swapped to oa12s01
- cell U503 is swapped to na02m02
- cell U503 is swapped to na02s02
- cell U503 is swapped to na02s01
- cell U514 is swapped to na02s02
- cell U514 is swapped to na02s01
- cell U515 is swapped to ao12s02
- cell U515 is swapped to ao12s01
- cell U520 is swapped to na02s01
- cell U523 is swapped to in01s02
- cell U526 is swapped to na02s02
- cell U526 is swapped to na02s01
- cell U528 is swapped to in01s01
- cell U528 is swapped to skip
- cell U529 is swapped to skip
- cell U530 is swapped to in01s02
- cell U530 is swapped to in01s01
- cell U534 is swapped to na03s02
- cell U534 is swapped to na03s01
- cell U537 is swapped to na02s02
- cell U537 is swapped to na02s01
- cell U543 is swapped to in01s01
- cell U564 is swapped to no02m02
- cell U564 is swapped to no02s02
- cell U564 is swapped to no02s01
- cell U570 is swapped to ao12m02
- cell U570 is swapped to ao12s02
- cell U575 is swapped to ao12m02
- cell U575 is swapped to ao12s02
- cell U575 is swapped to ao12s01
- cell U577 is swapped to oa12m02
- cell U577 is swapped to oa12s02
- cell U577 is swapped to oa12s01
- cell U591 is swapped to na02m01
- cell U591 is swapped to na02s01
- cell U591 is swapped to skip
- cell U595 is swapped to no03m02
- cell U595 is swapped to no03s02
- cell U599 is swapped to no02m02
- cell U599 is swapped to no02s02
- cell U599 is swapped to no02s01
- cell U602 is swapped to na03m02
- cell U602 is swapped to na03s02
- cell U604 is swapped to no03m02
- cell U604 is swapped to no03s02
- cell U604 is swapped to no03s01
- cell U605 is swapped to no03m02
- cell U605 is swapped to no03s02
- cell U609 is swapped to na03m02
- cell U609 is swapped to na03s02
- cell U609 is swapped to na03s01
- cell U614 is swapped to ao22m01
- cell U614 is swapped to ao22s01
- cell U614 is swapped to skip
- cell U616 is swapped to na02m01
- cell U616 is swapped to na02s01
- cell U616 is swapped to skip
- cell U623 is swapped to oa12m01
- cell U623 is swapped to oa12s01
- cell U623 is swapped to skip
- cell FE_PSC8_n243 is swapped to in01m03
- cell FE_PSC8_n243 is swapped to in01s03
- cell FE_PSC8_n243 is swapped to in01s02
- cell FE_PSC4_n247 is swapped to in01m04
- cell FE_PSC4_n247 is swapped to in01s04
- cell FE_PSC4_n247 is swapped to in01s03
- cell U313 is swapped to no02s01
- cell U322 is swapped to oa12m01
- cell U322 is swapped to skip
- cell U360 is swapped to na02m04
- cell U360 is swapped to na02s04
- cell U360 is swapped to na02s03
- cell U434 is swapped to no03s03
- cell U434 is swapped to no03s02
- cell U451 is swapped to oa22s03
- cell U452 is swapped to na02s02
- cell U452 is swapped to na02s01
- cell U456 is swapped to oa22s03
- cell U456 is swapped to oa22s02
- cell U466 is swapped to ao12s02
- cell U466 is swapped to ao12s01
- cell U468 is swapped to no03s03
- cell U468 is swapped to no03s02
- cell U471 is swapped to oa12s04
- cell U471 is swapped to oa12s03
- cell U474 is swapped to in01s02
- cell U474 is swapped to in01s01
- cell U565 is swapped to oa22m02
- cell U565 is swapped to oa22s02
- cell U565 is swapped to oa22s01
- cell U576 is swapped to ao12m02
- cell U576 is swapped to ao12s02
- cell U576 is swapped to ao12s01
- cell U586 is swapped to ao12m02
- cell U586 is swapped to ao12s02
- cell U586 is swapped to ao12s01
- cell U589 is swapped to no03m02
- cell U589 is swapped to no03s02
- cell U589 is swapped to no03s01
- cell U590 is swapped to na02m01
- cell U590 is swapped to na02s01
- cell U590 is swapped to skip
- cell U594 is swapped to no02m02
- cell U594 is swapped to no02s02
- cell U594 is swapped to no02s01
- cell U597 is swapped to no02m02
- cell U597 is swapped to no02s02
- cell U600 is swapped to no02m02
- cell U600 is swapped to no02s02
- cell U600 is swapped to no02s01
- cell U608 is swapped to no03m02
- cell U608 is swapped to no03s02
- cell U610 is swapped to na03m02
- cell U610 is swapped to na03s02
- cell U611 is swapped to no03m02
- cell U611 is swapped to no03s02
- cell U611 is swapped to no03s01
- cell U618 is swapped to oa22m01
- cell U618 is swapped to oa22s01
- cell U618 is swapped to skip
- cell U619 is swapped to oa12m01
- cell U619 is swapped to oa12s01
- cell U619 is swapped to skip
- cell U620 is swapped to oa12m01
- cell U620 is swapped to oa12s01
- cell U620 is swapped to skip
- cell FE_PSC5_n247 is swapped to in01m04
- cell FE_PSC5_n247 is swapped to in01s04
- cell FE_PSC5_n247 is swapped to in01s03
- cell U342 is swapped to oa12s03
- cell U364 is swapped to ao22m02
- cell U364 is swapped to ao22s02
- cell U364 is swapped to ao22s01
- cell U459 is swapped to oa12s02
- cell U459 is swapped to oa12s01
- cell U462 is swapped to oa12s02
- cell U462 is swapped to oa12s01
- cell U584 is swapped to ao22m02
- cell U584 is swapped to ao22s02
- cell U584 is swapped to ao22s01
- cell U587 is swapped to ao12m02
- cell U587 is swapped to ao12s02
- cell U587 is swapped to ao12s01
- cell U615 is swapped to ao22m01
- cell U615 is swapped to ao22s01
- cell U615 is swapped to skip
- cell U626 is swapped to oa12m01
- cell U626 is swapped to oa12s01
- cell U626 is swapped to skip
- cell U628 is swapped to oa12m01
- cell U628 is swapped to oa12s01
- cell U628 is swapped to skip
- cell U630 is swapped to oa12m01
- cell U630 is swapped to oa12s01
- cell U630 is swapped to skip
- cell U632 is swapped to oa12m01
- cell U632 is swapped to oa12s01
- cell U632 is swapped to skip
- cell U440 is swapped to oa22s03
- cell U442 is swapped to oa22s03
- cell U449 is swapped to oa22s02
- cell U449 is swapped to oa22s01
- cell U473 is swapped to in01s02
- cell U473 is swapped to in01s01
- cell U583 is swapped to in01m02
- cell U583 is swapped to in01s02
- cell U583 is swapped to in01s01
- cell U601 is swapped to na02m02
- cell U601 is swapped to na02s02
- cell U601 is swapped to na02s01
- cell U622 is swapped to in01m01
- cell U622 is swapped to in01s01
- cell U622 is swapped to skip
======================================
Final slack:	1.856659 ps
Final leakage:	0.0017275 W
Final Sum/Max/Number of max capacitance violations: 0 / 0 / 0
Final Sum/Max/Number of max transition violations: 0 / 0 / 0
#Vt cell swaps:	322
#Cell size swaps:	349
Leakage improvment	87.872 %
